     1                                  section .text
     2                                      global _start
     3                                  
     4                                  _start:
     5                                      ; Set up registers for BIOS interrupt
     6 00000000 B40E                        mov ah, 0x0E        ; BIOS interrupt: teletype output
     7                                  
     8                                      ; Print 'R'
     9 00000002 B052                        mov al, 'R'
    10 00000004 CD10                        int 0x10
    11                                  
    12                                      ; Print 'E'
    13 00000006 B045                        mov al, 'E'
    14 00000008 CD10                        int 0x10
    15                                  
    16                                      ; Print 'N'
    17 0000000A B04E                        mov al, 'N'
    18 0000000C CD10                        int 0x10
    19                                  
    20                                      ; Print 'O'
    21 0000000E B04F                        mov al, 'O'
    22 00000010 CD10                        int 0x10
    23                                  
    24                                      ; Print 'S'
    25 00000012 B053                        mov al, 'S'
    26 00000014 CD10                        int 0x10
    27                                  
    28                                      ; Move cursor to the beginning of the next line
    29 00000016 B40A                        mov ah, 0x0A
    30 00000018 CD10                        int 0x10
    31                                  
    32                                      ; Infinite loop to prevent the program from exiting
    33 0000001A EBFE                        jmp $
    34                                  
    35                                      ; Padding to reach the boot sector size of 512 bytes
    36 0000001C 00<rep 1E2h>                times 510 - ($ - $$) db 0
    37 000001FE 55AA                        dw 0xAA55           ; Boot signature
